[+  0.34s] capture start, label=stream, app=http://127.0.0.1:3423
[+  8.72s] signed in, url=http://127.0.0.1:3423/
[+ 11.88s] shot 01-composer
[+ 12.78s] composer switched to Work
[+ 13.46s] shot 02-brief-typed
[+ 13.97s] submitted
[+ 17.13s] step "list the workspace" happened at +3.0s, first on screen at +3.2s
[+ 17.79s] shot 03-run-t3p5s
[+ 18.82s] step "AGENTS.md" happened at +4.2s, first on screen at +4.9s
[+ 19.41s] shot 03-run-t5p0s
[+ 19.93s] step "write sixcap.txt" happened at +5.4s, first on screen at +6.0s
[+ 20.55s] shot 03-run-t6p5s
[+ 21.09s] step "wrote 14 bytes" happened at +6.6s, first on screen at +7.2s
[+ 22.12s] step "Workspace file: sixcap.txt" happened at +7.8s, first on screen at +8.2s
[+ 22.23s] shot 03-run-t8p0s
[+ 23.25s] step "cat sixcap.txt" happened at +9.0s, first on screen at +9.3s
[+ 23.89s] shot 03-run-t9p5s
[+ 25.05s] shot 03-run-t11p0s
[+ 27.11s] step "HIVE-COWORK-OK" happened at +10.2s, first on screen at +13.2s
[+ 27.73s] shot 03-run-t13p5s
[+ 37.12s] shot 04-finished
[+ 37.12s] --- how late each step was ---
[+ 37.12s]   "list the workspace": happened +3.0s, shown +3.2s, late by 0.2s
[+ 37.12s]   "AGENTS.md": happened +4.2s, shown +4.9s, late by 0.7s
[+ 37.13s]   "write sixcap.txt": happened +5.4s, shown +6.0s, late by 0.6s
[+ 37.13s]   "wrote 14 bytes": happened +6.6s, shown +7.2s, late by 0.6s
[+ 37.13s]   "Workspace file: sixcap.txt": happened +7.8s, shown +8.2s, late by 0.4s
[+ 37.13s]   "cat sixcap.txt": happened +9.0s, shown +9.3s, late by 0.3s
[+ 37.13s]   "HIVE-COWORK-OK": happened +10.2s, shown +13.2s, late by 3.0s
[+ 37.13s] --- summary ---
[+ 37.13s] steps that appeared: 7 of 7
[+ 37.13s] worst lateness: 3.0s
[+ 37.13s] mean lateness: 0.8s
[+ 37.13s] most step lines on screen at once: 5
[+ 37.13s] final step lines: ["Hive ran this as a knowledge work task.","Used bash: AGENTS.md","Used str_replace_editor: wrote 14 bytes","Workspace file: sixcap.txt","Used bash: HIVE-COWORK-OK"]
