[+  0.57s] capture start, label=poll, app=http://127.0.0.1:3423
[+  9.93s] signed in, url=http://127.0.0.1:3423/
[+ 13.06s] shot 01-composer
[+ 13.94s] composer switched to Work
[+ 14.52s] shot 02-brief-typed
[+ 14.65s] submitted
[+ 18.27s] step "list the workspace" happened at +3.0s, first on screen at +3.7s
[+ 18.40s] shot 03-run-t3p5s
[+ 20.04s] shot 03-run-t5p0s
[+ 21.20s] shot 03-run-t6p5s
[+ 21.71s] step "AGENTS.md" happened at +4.2s, first on screen at +7.2s
[+ 21.71s] step "write sixcap.txt" happened at +5.4s, first on screen at +7.2s
[+ 22.84s] shot 03-run-t8p0s
[+ 24.36s] step "wrote 14 bytes" happened at +6.6s, first on screen at +9.8s
[+ 24.36s] step "Workspace file: sixcap.txt" happened at +7.8s, first on screen at +9.8s
[+ 24.36s] step "cat sixcap.txt" happened at +9.0s, first on screen at +9.8s
[+ 24.47s] shot 03-run-t9p5s
[+ 26.12s] shot 03-run-t11p0s
[+ 27.66s] step "HIVE-COWORK-OK" happened at +10.2s, first on screen at +13.1s
[+ 28.27s] shot 03-run-t13p5s
[+ 37.59s] shot 04-finished
[+ 37.59s] --- how late each step was ---
[+ 37.59s]   "list the workspace": happened +3.0s, shown +3.7s, late by 0.7s
[+ 37.59s]   "AGENTS.md": happened +4.2s, shown +7.2s, late by 3.0s
[+ 37.59s]   "write sixcap.txt": happened +5.4s, shown +7.2s, late by 1.8s
[+ 37.59s]   "wrote 14 bytes": happened +6.6s, shown +9.8s, late by 3.2s
[+ 37.59s]   "Workspace file: sixcap.txt": happened +7.8s, shown +9.8s, late by 2.0s
[+ 37.59s]   "cat sixcap.txt": happened +9.0s, shown +9.8s, late by 0.8s
[+ 37.59s]   "HIVE-COWORK-OK": happened +10.2s, shown +13.1s, late by 2.9s
[+ 37.59s] --- summary ---
[+ 37.59s] steps that appeared: 7 of 7
[+ 37.59s] worst lateness: 3.2s
[+ 37.59s] mean lateness: 2.1s
[+ 37.59s] most step lines on screen at once: 5
[+ 37.59s] final step lines: ["Hive ran this as a knowledge work task.","Used bash: AGENTS.md","Used str_replace_editor: wrote 14 bytes","Workspace file: sixcap.txt","Used bash: HIVE-COWORK-OK"]
