=== step 1: the console origin serves the app AND the auth API ===
  nav -> https://console-hive.scubed.co/console
  nav -> https://console-hive.scubed.co/console
  landed on https://console-hive.scubed.co/console
  screenshot 01-console-signed-in.png  console-hive.scubed.co/console  signed in as qa-tester@hive.test
=== step 2: the chat front-end's login page ===
  nav -> https://chat-hive.scubed.co/auth
  nav -> https://chat-hive.scubed.co/auth
  nav -> https://chat-hive.scubed.co/auth
  landed on https://chat-hive.scubed.co/auth
  screenshot 02-chat-login.png  chat-hive.scubed.co/auth  Open WebUI login, before the OAuth handshake
=== step 3: start the OAuth handshake ===
  found the provider button
  nav -> https://console-hive.scubed.co/oauth/consent [query and fragment REDACTED]
  nav -> https://console-hive.scubed.co/oauth/consent [query and fragment REDACTED]
  nav -> https://chat-hive.scubed.co/auth
  nav -> https://chat-hive.scubed.co/auth
  nav -> https://chat-hive.scubed.co/auth
  nav -> https://chat-hive.scubed.co/
  after the click, on https://chat-hive.scubed.co/
  screenshot 03-after-authorize.png  chat-hive.scubed.co  after GoTrue /oauth/authorize
=== step 4: consent, if GoTrue asked for it ===
  no consent page: GoTrue reused an existing grant
  now on https://chat-hive.scubed.co/
=== step 5: the chat itself ===
  screenshot 04-chat-signed-in.png  chat-hive.scubed.co  signed in, chat loaded
  page title: Hive
  first 400 chars of the page: "Hive\nNew Chat\nSearch\nAgents\nKnowledge\nFolders\nRecents\nYesterday\nReply with exactly this and nothing else: self-hosted auth is live\n1d\nPrevious 30 days\nReply with exactly: HIVE ENTER PROBE\n1w\nWhat is the codeword in the attached note? Reply with only the codeword.\n2w\nWhat colour is a banana? Reply with only the single colour word.\n2w\nReply with exactly this and nothing else: hive demo chat is alive"
=== step 6: send one message, so the proof is a completion and not a rendered page ===
  nav -> https://chat-hive.scubed.co/c/a300d6f5-e52c-45e6-bb31-b17211cc4fca
  conversation text after the send: "Hive\nNew Chat\nSearch\nAgents\nKnowledge\nFolders\nRecents\nToday\nReply with exactly this and nothing else: self-hosted auth is live\n1m\nYesterday\nReply with exactly this and nothing else: self-hosted auth is live\n1d\nPrevious 30 days\nReply with exactly: HIVE ENTER PROBE\n1w\nWhat is the codeword in the attached note? Reply with only the codeword.\n2w\nWhat colour is a banana? Reply with only the single colour word.\n2w\nReply with exactly this and nothing else: hive demo chat is alive\n2w\nReply with exactly this and nothing else: hive demo chat is alive\n2w\nReply with exactly this and nothing else: hive demo"
  screenshot 05-chat-completion.png  chat-hive.scubed.co  a real completion through the gateway
=== console errors seen ===
  Failed to load resource: the server responded with a status of 404 ()
