[2026-08-24T01:45:58.818Z] goto https://chat-hive.scubed.co/agents
[2026-08-24T01:46:02.834Z] round 0: at https://chat-hive.scubed.co/
[2026-08-24T01:46:11.895Z] api GET /api/v1/hive/agent/tasks -> 200
[2026-08-24T01:46:14.432Z] round 1: at https://chat-hive.scubed.co/agents
[2026-08-24T01:46:17.050Z] screenshot 01-agents-composer.png
[2026-08-24T01:46:17.085Z] textarea placeholder="Describe the task in your own words"
[2026-08-24T01:46:17.152Z] filled task instructions
[2026-08-24T01:46:17.229Z] screenshot 02-task-typed.png
[2026-08-24T01:46:17.466Z] api POST /api/v1/hive/agent/tasks -> 201
[2026-08-24T01:46:17.468Z] submit POST /v1/agent/tasks -> 201
[2026-08-24T01:46:20.599Z] api GET /api/v1/hive/agent/tasks -> 200
[2026-08-24T01:46:23.782Z] api GET /api/v1/hive/agent/tasks -> 200
[2026-08-24T01:46:24.077Z] terminal status=Done; screenshot 04-task-final.png
[2026-08-24T01:46:24.077Z] final row text: Run this single shell command and then finish: echo "hello from PR 1111 cowork verification" Queued Waiting for a sandbox to pick it up. Coding · less than a minute Cancel || Run this single shell command and then finish: echo "hello from PR 1111 cowork verification" Done Finished. The result reference is below. Result: The command was executed successfully. The output was: hello from PR 1111 cowo
[2026-08-24T01:46:24.077Z] tasks api snapshot: 2401b1af queued | 523d9a4e succeeded :: The command was executed successfully. The output was:

hello from PR 1111 cowork verification

The command completed with exit code 0. | 5675a653 succeeded :: The command executed successfully. Output: "hello from PR 1111 cowork verification" (exit code 0).
[2026-08-24T01:46:24.078Z] wrote capture.log
[2026-08-24T01:48:34.249Z] 05 rows: 
[2026-08-24T01:49:20.109Z] round 0: at https://chat-hive.scubed.co/
[2026-08-24T01:49:31.556Z] round 1: at https://chat-hive.scubed.co/agents
[2026-08-24T01:49:35.703Z] newest row: Run this single shell command and then finish: echo "hello from PR 1111 cowork verification" Done Finished. The result reference is below. Result: The command executed successfully. Output: "hello from PR 1111 cowork verification" (exit code 0). Coding · 13m
[2026-08-24T01:49:36.791Z] screenshot 05-task-done.png (Done row painted)
